{
  "_golden_placeholder": true,
  "_note": "This is a placeholder golden file. Run 'update_golden.py --approve' to set the baseline.",
  "_source_description": "Adaptive budget optimization recommendations",
  "_created_at": "2024-12-12",
  "placeholder_match_any": true,
  
  "_expected_structure": {
    "budget_recommendation": {
      "recommended_budget_seconds": "number",
      "base_budget_seconds": "number",
      "total_adjustment_factor": "number",
      "confidence": "number"
    },
    "workload_analysis": {
      "complexity_score": "number"
    },
    "optimization_suggestions": "array"
  }
}