{
  "_golden_placeholder": true,
  "_note": "This is a placeholder golden file. Run 'update_golden.py --approve' to set the baseline.",
  "_source_description": "Policy guard evaluation report",
  "_created_at": "2024-12-12",
  "placeholder_match_any": true,
  
  "_expected_structure": {
    "policy_config": "string",
    "enforcement_level": "string",
    "evaluation_summary": {
      "status": "string",
      "compliance_score": "number",
      "total_violations": "number",
      "total_warnings": "number"
    },
    "violations": "array",
    "warnings": "array", 
    "recommendations": "array"
  }
}